<?xml version="1.0" encoding="UTF-8"?>
<TestRun id="7ac03501-737b-4a48-b2f6-4428d879a734" name="ToanBK@TOANBK-PC 2012-05-07 22:45:27" runUser="ToanBK-PC\ToanBK" xmlns="http://microsoft.com/schemas/VisualStudio/TeamTest/2010">
  <TestSettings name="Local" id="b9cf5429-1149-48a9-814d-7eb23edf8939">
    <Description>These are default test settings for a local test run.</Description>
    <Deployment enabled="false" runDeploymentRoot="ToanBK_TOANBK-PC 2012-05-07 22_45_27">
      <DeploymentItem filename="D:\ToanBK\Documents\Visual Studio 2010\Projects\Google Code Projects\bkhn-it4883-fish\DistributedFishSystem\FishServer\bin\Debug\FishServer.exe" />
      <DeploymentItem filename="D:\ToanBK\Documents\Visual Studio 2010\Projects\Google Code Projects\bkhn-it4883-fish\DistributedFishSystem\FishComponent\bin\Debug\FishComponent.dll" />
      <DeploymentItem filename="D:\ToanBK\Documents\Visual Studio 2010\Projects\Google Code Projects\bkhn-it4883-fish\DistributedFishSystem\RemotingServies\bin\Debug\RemotingServies.dll" />
    </Deployment>
    <Execution>
      <TestTypeSpecific />
      <AgentRule name="Execution Agents">
      </AgentRule>
    </Execution>
  </TestSettings>
  <Times creation="2012-05-07T22:45:27.8236577+07:00" queuing="2012-05-07T22:45:29.7597684+07:00" start="2012-05-07T22:45:29.8737750+07:00" finish="2012-05-07T22:45:35.4800956+07:00" />
  <ResultSummary outcome="Error">
    <Counters total="1" executed="1" error="0" failed="0" timeout="0" aborted="1" inconclusive="0" passedButRunAborted="0" notRunnable="0" notExecuted="0" disconnected="0" warning="0" passed="0" completed="0" inProgress="0" pending="0" />
    <RunInfos>
      <RunInfo computerName="TOANBK-PC" outcome="Error" timestamp="2012-05-07T22:45:35.4770954+07:00">
        <Text>Test host process exited unexpectedly.</Text>
      </RunInfo>
    </RunInfos>
  </ResultSummary>
  <TestDefinitions>
    <UnitTest name="NewClientIdTest" storage="d:\toanbk\documents\visual studio 2010\projects\google code projects\bkhn-it4883-fish\distributedfishsystem\fishtest\bin\debug\fishtest.dll" id="4962c0c4-b2f5-c105-7bbe-5a68efe901fd">
      <Execution id="8e256c29-bf52-4929-b716-34847f14cc95" />
      <TestMethod codeBase="D:/ToanBK/Documents/Visual Studio 2010/Projects/Google Code Projects/bkhn-it4883-fish/DistributedFishSystem/FishTest/bin/Debug/FishTest.DLL" adapterTypeName="Microsoft.VisualStudio.TestTools.TestTypes.Unit.UnitTestAdapter, Microsoft.VisualStudio.QualityTools.Tips.UnitTest.Adapter, Version=10.0.0.0, Culture=neutral, PublicKeyToken=b03f5f7f11d50a3a" className="FishTest.AquariumControlTest, FishTest, Version=1.0.0.0, Culture=neutral, PublicKeyToken=null" name="NewClientIdTest" />
    </UnitTest>
  </TestDefinitions>
  <TestLists>
    <TestList name="Results Not in a List" id="8c84fa94-04c1-424b-9868-57a2d4851a1d" />
    <TestList name="All Loaded Results" id="19431567-8539-422a-85d7-44ee4e166bda" />
  </TestLists>
  <TestEntries>
    <TestEntry testId="4962c0c4-b2f5-c105-7bbe-5a68efe901fd" executionId="8e256c29-bf52-4929-b716-34847f14cc95" testListId="8c84fa94-04c1-424b-9868-57a2d4851a1d" />
  </TestEntries>
  <Results>
    <UnitTestResult executionId="8e256c29-bf52-4929-b716-34847f14cc95" testId="4962c0c4-b2f5-c105-7bbe-5a68efe901fd" testName="NewClientIdTest" computerName="TOANBK-PC" duration="00:00:05.4353109" startTime="2012-05-07T22:45:30.0437847+07:00" endTime="2012-05-07T22:45:35.4790956+07:00" testType="13cdc9d9-ddb5-4fa4-a97d-d965ccfc6d4b" outcome="Aborted" testListId="8c84fa94-04c1-424b-9868-57a2d4851a1d" relativeResultsDirectory="8e256c29-bf52-4929-b716-34847f14cc95">
    </UnitTestResult>
  </Results>
</TestRun>